<?xml version="1.0" ?>
<FlowMonitor>
  <FlowStats>
    <Flow flowId="1" timeFirstTxPacket="+0ns" timeFirstRxPacket="+3.04592e+09ns" timeLastTxPacket="+3.99988e+09ns" timeLastRxPacket="+3.87874e+09ns" delaySum="+2.91935e+10ns" jitterSum="+1.12558e+08ns" lastDelay="+4.584e+07ns" txBytes="35198" rxBytes="33530" txPackets="670" rxPackets="638" lostPackets="0" timesForwarded="0">
      <delayHistogram nBins="47" >
        <bin index="45" start="0.045" width="0.001" count="588" />
        <bin index="46" start="0.046" width="0.001" count="50" />
      </delayHistogram>
      <jitterHistogram nBins="1" >
        <bin index="0" start="0" width="0.001" count="637" />
      </jitterHistogram>
      <packetSizeHistogram nBins="21" >
        <bin index="2" start="40" width="20" count="637" />
        <bin index="20" start="400" width="20" count="1" />
      </packetSizeHistogram>
      <flowInterruptionsHistogram nBins="0" >
      </flowInterruptionsHistogram>
    </Flow>
    <Flow flowId="2" timeFirstTxPacket="+0ns" timeFirstRxPacket="+3.04599e+09ns" timeLastTxPacket="+3.83995e+09ns" timeLastRxPacket="+3.88612e+09ns" delaySum="+9.75881e+09ns" jitterSum="+3.60381e+07ns" lastDelay="+4.6163e+07ns" txBytes="11248" rxBytes="11192" txPackets="214" rxPackets="213" lostPackets="0" timesForwarded="0">
      <delayHistogram nBins="47" >
        <bin index="45" start="0.045" width="0.001" count="191" />
        <bin index="46" start="0.046" width="0.001" count="22" />
      </delayHistogram>
      <jitterHistogram nBins="1" >
        <bin index="0" start="0" width="0.001" count="212" />
      </jitterHistogram>
      <packetSizeHistogram nBins="5" >
        <bin index="2" start="40" width="20" count="209" />
        <bin index="4" start="80" width="20" count="4" />
      </packetSizeHistogram>
      <flowInterruptionsHistogram nBins="0" >
      </flowInterruptionsHistogram>
    </Flow>
    <Flow flowId="3" timeFirstTxPacket="+0ns" timeFirstRxPacket="+3.04577e+09ns" timeLastTxPacket="+3.99956e+09ns" timeLastRxPacket="+3.9905e+09ns" delaySum="+2.24985e+11ns" jitterSum="+2.09146e+08ns" lastDelay="+1.65618e+08ns" txBytes="1623136" rxBytes="1247456" txPackets="2798" rxPackets="2131" lostPackets="0" timesForwarded="0">
      <delayHistogram nBins="166" >
        <bin index="45" start="0.045" width="0.001" count="37" />
        <bin index="46" start="0.046" width="0.001" count="58" />
        <bin index="47" start="0.047" width="0.001" count="46" />
        <bin index="48" start="0.048" width="0.001" count="30" />
        <bin index="49" start="0.049" width="0.001" count="30" />
        <bin index="50" start="0.05" width="0.001" count="41" />
        <bin index="51" start="0.051" width="0.001" count="26" />
        <bin index="52" start="0.052" width="0.001" count="26" />
        <bin index="53" start="0.053" width="0.001" count="28" />
        <bin index="54" start="0.054" width="0.001" count="39" />
        <bin index="55" start="0.055" width="0.001" count="32" />
        <bin index="56" start="0.056" width="0.001" count="30" />
        <bin index="57" start="0.057" width="0.001" count="19" />
        <bin index="59" start="0.059" width="0.001" count="8" />
        <bin index="60" start="0.06" width="0.001" count="20" />
        <bin index="61" start="0.061" width="0.001" count="31" />
        <bin index="62" start="0.062" width="0.001" count="29" />
        <bin index="63" start="0.063" width="0.001" count="41" />
        <bin index="64" start="0.064" width="0.001" count="35" />
        <bin index="65" start="0.065" width="0.001" count="28" />
        <bin index="69" start="0.069" width="0.001" count="8" />
        <bin index="70" start="0.07" width="0.001" count="2" />
        <bin index="71" start="0.071" width="0.001" count="18" />
        <bin index="72" start="0.072" width="0.001" count="8" />
        <bin index="73" start="0.073" width="0.001" count="14" />
        <bin index="74" start="0.074" width="0.001" count="23" />
        <bin index="75" start="0.075" width="0.001" count="20" />
        <bin index="76" start="0.076" width="0.001" count="3" />
        <bin index="78" start="0.078" width="0.001" count="19" />
        <bin index="79" start="0.079" width="0.001" count="19" />
        <bin index="80" start="0.08" width="0.001" count="16" />
        <bin index="81" start="0.081" width="0.001" count="30" />
        <bin index="82" start="0.082" width="0.001" count="27" />
        <bin index="83" start="0.083" width="0.001" count="28" />
        <bin index="84" start="0.084" width="0.001" count="17" />
        <bin index="85" start="0.085" width="0.001" count="4" />
        <bin index="87" start="0.087" width="0.001" count="12" />
        <bin index="88" start="0.088" width="0.001" count="4" />
        <bin index="90" start="0.09" width="0.001" count="17" />
        <bin index="91" start="0.091" width="0.001" count="19" />
        <bin index="92" start="0.092" width="0.001" count="23" />
        <bin index="93" start="0.093" width="0.001" count="13" />
        <bin index="94" start="0.094" width="0.001" count="18" />
        <bin index="95" start="0.095" width="0.001" count="22" />
        <bin index="96" start="0.096" width="0.001" count="29" />
        <bin index="97" start="0.097" width="0.001" count="25" />
        <bin index="98" start="0.098" width="0.001" count="30" />
        <bin index="99" start="0.099" width="0.001" count="30" />
        <bin index="100" start="0.1" width="0.001" count="14" />
        <bin index="109" start="0.109" width="0.001" count="2" />
        <bin index="110" start="0.11" width="0.001" count="10" />
        <bin index="111" start="0.111" width="0.001" count="9" />
        <bin index="112" start="0.112" width="0.001" count="11" />
        <bin index="113" start="0.113" width="0.001" count="9" />
        <bin index="114" start="0.114" width="0.001" count="7" />
        <bin index="115" start="0.115" width="0.001" count="25" />
        <bin index="116" start="0.116" width="0.001" count="23" />
        <bin index="117" start="0.117" width="0.001" count="4" />
        <bin index="118" start="0.118" width="0.001" count="8" />
        <bin index="119" start="0.119" width="0.001" count="4" />
        <bin index="120" start="0.12" width="0.001" count="12" />
        <bin index="121" start="0.121" width="0.001" count="4" />
        <bin index="128" start="0.128" width="0.001" count="6" />
        <bin index="129" start="0.129" width="0.001" count="10" />
        <bin index="131" start="0.131" width="0.001" count="17" />
        <bin index="132" start="0.132" width="0.001" count="19" />
        <bin index="133" start="0.133" width="0.001" count="10" />
        <bin index="134" start="0.134" width="0.001" count="4" />
        <bin index="135" start="0.135" width="0.001" count="11" />
        <bin index="136" start="0.136" width="0.001" count="11" />
        <bin index="137" start="0.137" width="0.001" count="18" />
        <bin index="138" start="0.138" width="0.001" count="27" />
        <bin index="139" start="0.139" width="0.001" count="15" />
        <bin index="140" start="0.14" width="0.001" count="27" />
        <bin index="141" start="0.141" width="0.001" count="17" />
        <bin index="145" start="0.145" width="0.001" count="9" />
        <bin index="146" start="0.146" width="0.001" count="19" />
        <bin index="147" start="0.147" width="0.001" count="19" />
        <bin index="148" start="0.148" width="0.001" count="19" />
        <bin index="149" start="0.149" width="0.001" count="20" />
        <bin index="150" start="0.15" width="0.001" count="13" />
        <bin index="151" start="0.151" width="0.001" count="23" />
        <bin index="152" start="0.152" width="0.001" count="32" />
        <bin index="153" start="0.153" width="0.001" count="24" />
        <bin index="154" start="0.154" width="0.001" count="31" />
        <bin index="155" start="0.155" width="0.001" count="25" />
        <bin index="156" start="0.156" width="0.001" count="26" />
        <bin index="157" start="0.157" width="0.001" count="27" />
        <bin index="158" start="0.158" width="0.001" count="16" />
        <bin index="159" start="0.159" width="0.001" count="68" />
        <bin index="160" start="0.16" width="0.001" count="54" />
        <bin index="161" start="0.161" width="0.001" count="32" />
        <bin index="162" start="0.162" width="0.001" count="84" />
        <bin index="163" start="0.163" width="0.001" count="48" />
        <bin index="164" start="0.164" width="0.001" count="49" />
        <bin index="165" start="0.165" width="0.001" count="27" />
      </delayHistogram>
      <jitterHistogram nBins="10" >
        <bin index="0" start="0" width="0.001" count="2112" />
        <bin index="1" start="0.001" width="0.001" count="9" />
        <bin index="2" start="0.002" width="0.001" count="2" />
        <bin index="3" start="0.003" width="0.001" count="2" />
        <bin index="5" start="0.005" width="0.001" count="2" />
        <bin index="7" start="0.007" width="0.001" count="1" />
        <bin index="9" start="0.009" width="0.001" count="2" />
      </jitterHistogram>
      <packetSizeHistogram nBins="30" >
        <bin index="2" start="40" width="20" count="2" />
        <bin index="22" start="440" width="20" count="1" />
        <bin index="25" start="500" width="20" count="8" />
        <bin index="27" start="540" width="20" count="79" />
        <bin index="29" start="580" width="20" count="2041" />
      </packetSizeHistogram>
      <flowInterruptionsHistogram nBins="0" >
      </flowInterruptionsHistogram>
    </Flow>
    <Flow flowId="4" timeFirstTxPacket="+0ns" timeFirstRxPacket="+3.04577e+09ns" timeLastTxPacket="+3.99992e+09ns" timeLastRxPacket="+3.95857e+09ns" delaySum="+1.81405e+11ns" jitterSum="+1.85611e+08ns" lastDelay="+1.59753e+08ns" txBytes="1546816" rxBytes="1158680" txPackets="2634" rxPackets="1973" lostPackets="0" timesForwarded="0">
      <delayHistogram nBins="161" >
        <bin index="45" start="0.045" width="0.001" count="67" />
        <bin index="46" start="0.046" width="0.001" count="82" />
        <bin index="47" start="0.047" width="0.001" count="69" />
        <bin index="48" start="0.048" width="0.001" count="53" />
        <bin index="49" start="0.049" width="0.001" count="57" />
        <bin index="50" start="0.05" width="0.001" count="26" />
        <bin index="51" start="0.051" width="0.001" count="31" />
        <bin index="52" start="0.052" width="0.001" count="31" />
        <bin index="53" start="0.053" width="0.001" count="27" />
        <bin index="54" start="0.054" width="0.001" count="22" />
        <bin index="55" start="0.055" width="0.001" count="9" />
        <bin index="57" start="0.057" width="0.001" count="6" />
        <bin index="58" start="0.058" width="0.001" count="30" />
        <bin index="59" start="0.059" width="0.001" count="22" />
        <bin index="60" start="0.06" width="0.001" count="39" />
        <bin index="61" start="0.061" width="0.001" count="24" />
        <bin index="62" start="0.062" width="0.001" count="27" />
        <bin index="63" start="0.063" width="0.001" count="17" />
        <bin index="64" start="0.064" width="0.001" count="21" />
        <bin index="65" start="0.065" width="0.001" count="18" />
        <bin index="66" start="0.066" width="0.001" count="30" />
        <bin index="67" start="0.067" width="0.001" count="28" />
        <bin index="68" start="0.068" width="0.001" count="29" />
        <bin index="69" start="0.069" width="0.001" count="22" />
        <bin index="70" start="0.07" width="0.001" count="23" />
        <bin index="71" start="0.071" width="0.001" count="10" />
        <bin index="72" start="0.072" width="0.001" count="23" />
        <bin index="73" start="0.073" width="0.001" count="15" />
        <bin index="74" start="0.074" width="0.001" count="8" />
        <bin index="75" start="0.075" width="0.001" count="4" />
        <bin index="76" start="0.076" width="0.001" count="26" />
        <bin index="77" start="0.077" width="0.001" count="25" />
        <bin index="78" start="0.078" width="0.001" count="12" />
        <bin index="79" start="0.079" width="0.001" count="9" />
        <bin index="80" start="0.08" width="0.001" count="12" />
        <bin index="84" start="0.084" width="0.001" count="8" />
        <bin index="85" start="0.085" width="0.001" count="28" />
        <bin index="86" start="0.086" width="0.001" count="29" />
        <bin index="87" start="0.087" width="0.001" count="16" />
        <bin index="88" start="0.088" width="0.001" count="23" />
        <bin index="89" start="0.089" width="0.001" count="27" />
        <bin index="90" start="0.09" width="0.001" count="15" />
        <bin index="91" start="0.091" width="0.001" count="9" />
        <bin index="92" start="0.092" width="0.001" count="4" />
        <bin index="93" start="0.093" width="0.001" count="17" />
        <bin index="94" start="0.094" width="0.001" count="7" />
        <bin index="95" start="0.095" width="0.001" count="8" />
        <bin index="109" start="0.109" width="0.001" count="12" />
        <bin index="110" start="0.11" width="0.001" count="20" />
        <bin index="111" start="0.111" width="0.001" count="19" />
        <bin index="112" start="0.112" width="0.001" count="15" />
        <bin index="113" start="0.113" width="0.001" count="21" />
        <bin index="114" start="0.114" width="0.001" count="20" />
        <bin index="115" start="0.115" width="0.001" count="5" />
        <bin index="116" start="0.116" width="0.001" count="5" />
        <bin index="117" start="0.117" width="0.001" count="27" />
        <bin index="118" start="0.118" width="0.001" count="19" />
        <bin index="119" start="0.119" width="0.001" count="24" />
        <bin index="120" start="0.12" width="0.001" count="15" />
        <bin index="121" start="0.121" width="0.001" count="24" />
        <bin index="122" start="0.122" width="0.001" count="32" />
        <bin index="123" start="0.123" width="0.001" count="23" />
        <bin index="124" start="0.124" width="0.001" count="29" />
        <bin index="125" start="0.125" width="0.001" count="30" />
        <bin index="126" start="0.126" width="0.001" count="33" />
        <bin index="127" start="0.127" width="0.001" count="25" />
        <bin index="128" start="0.128" width="0.001" count="22" />
        <bin index="129" start="0.129" width="0.001" count="20" />
        <bin index="130" start="0.13" width="0.001" count="23" />
        <bin index="131" start="0.131" width="0.001" count="17" />
        <bin index="132" start="0.132" width="0.001" count="8" />
        <bin index="133" start="0.133" width="0.001" count="19" />
        <bin index="134" start="0.134" width="0.001" count="25" />
        <bin index="135" start="0.135" width="0.001" count="17" />
        <bin index="136" start="0.136" width="0.001" count="15" />
        <bin index="137" start="0.137" width="0.001" count="12" />
        <bin index="138" start="0.138" width="0.001" count="2" />
        <bin index="139" start="0.139" width="0.001" count="14" />
        <bin index="140" start="0.14" width="0.001" count="1" />
        <bin index="141" start="0.141" width="0.001" count="15" />
        <bin index="142" start="0.142" width="0.001" count="23" />
        <bin index="143" start="0.143" width="0.001" count="31" />
        <bin index="144" start="0.144" width="0.001" count="26" />
        <bin index="145" start="0.145" width="0.001" count="20" />
        <bin index="146" start="0.146" width="0.001" count="11" />
        <bin index="147" start="0.147" width="0.001" count="9" />
        <bin index="148" start="0.148" width="0.001" count="9" />
        <bin index="149" start="0.149" width="0.001" count="11" />
        <bin index="150" start="0.15" width="0.001" count="12" />
        <bin index="151" start="0.151" width="0.001" count="8" />
        <bin index="158" start="0.158" width="0.001" count="15" />
        <bin index="159" start="0.159" width="0.001" count="15" />
        <bin index="160" start="0.16" width="0.001" count="30" />
      </delayHistogram>
      <jitterHistogram nBins="14" >
        <bin index="0" start="0" width="0.001" count="1959" />
        <bin index="1" start="0.001" width="0.001" count="6" />
        <bin index="2" start="0.002" width="0.001" count="1" />
        <bin index="3" start="0.003" width="0.001" count="2" />
        <bin index="4" start="0.004" width="0.001" count="1" />
        <bin index="6" start="0.006" width="0.001" count="1" />
        <bin index="8" start="0.008" width="0.001" count="1" />
        <bin index="13" start="0.013" width="0.001" count="1" />
      </jitterHistogram>
      <packetSizeHistogram nBins="30" >
        <bin index="2" start="40" width="20" count="2" />
        <bin index="27" start="540" width="20" count="8" />
        <bin index="29" start="580" width="20" count="1963" />
      </packetSizeHistogram>
      <flowInterruptionsHistogram nBins="0" >
      </flowInterruptionsHistogram>
    </Flow>
    <Flow flowId="5" timeFirstTxPacket="+0ns" timeFirstRxPacket="+2.05506e+08ns" timeLastTxPacket="+3.88721e+09ns" timeLastRxPacket="+3.99769e+09ns" delaySum="+6.85725e+09ns" jitterSum="+1.59395e+08ns" lastDelay="+1.6294e+08ns" txBytes="9377" rxBytes="9223" txPackets="139" rxPackets="136" lostPackets="0" timesForwarded="0">
      <delayHistogram nBins="163" >
        <bin index="45" start="0.045" width="0.001" count="122" />
        <bin index="47" start="0.047" width="0.001" count="1" />
        <bin index="48" start="0.048" width="0.001" count="1" />
        <bin index="54" start="0.054" width="0.001" count="1" />
        <bin index="59" start="0.059" width="0.001" count="1" />
        <bin index="63" start="0.063" width="0.001" count="1" />
        <bin index="65" start="0.065" width="0.001" count="1" />
        <bin index="72" start="0.072" width="0.001" count="1" />
        <bin index="98" start="0.098" width="0.001" count="1" />
        <bin index="104" start="0.104" width="0.001" count="1" />
        <bin index="115" start="0.115" width="0.001" count="1" />
        <bin index="121" start="0.121" width="0.001" count="1" />
        <bin index="147" start="0.147" width="0.001" count="1" />
        <bin index="161" start="0.161" width="0.001" count="1" />
        <bin index="162" start="0.162" width="0.001" count="1" />
      </delayHistogram>
      <jitterHistogram nBins="27" >
        <bin index="0" start="0" width="0.001" count="118" />
        <bin index="1" start="0.001" width="0.001" count="1" />
        <bin index="2" start="0.002" width="0.001" count="4" />
        <bin index="3" start="0.003" width="0.001" count="1" />
        <bin index="5" start="0.005" width="0.001" count="3" />
        <bin index="7" start="0.007" width="0.001" count="1" />
        <bin index="9" start="0.009" width="0.001" count="2" />
        <bin index="11" start="0.011" width="0.001" count="1" />
        <bin index="13" start="0.013" width="0.001" count="1" />
        <bin index="18" start="0.018" width="0.001" count="1" />
        <bin index="26" start="0.026" width="0.001" count="2" />
      </jitterHistogram>
      <packetSizeHistogram nBins="4" >
        <bin index="2" start="40" width="20" count="1" />
        <bin index="3" start="60" width="20" count="135" />
      </packetSizeHistogram>
      <flowInterruptionsHistogram nBins="0" >
      </flowInterruptionsHistogram>
    </Flow>
    <Flow flowId="6" timeFirstTxPacket="+0ns" timeFirstRxPacket="+8.81848e+07ns" timeLastTxPacket="+3.92117e+09ns" timeLastRxPacket="+3.99651e+09ns" delaySum="+1.74467e+10ns" jitterSum="+1.96098e+08ns" lastDelay="+1.62154e+08ns" txBytes="48578" rxBytes="45888" txPackets="380" rxPackets="356" lostPackets="0" timesForwarded="0">
      <delayHistogram nBins="165" >
        <bin index="45" start="0.045" width="0.001" count="319" />
        <bin index="46" start="0.046" width="0.001" count="4" />
        <bin index="47" start="0.047" width="0.001" count="1" />
        <bin index="48" start="0.048" width="0.001" count="1" />
        <bin index="49" start="0.049" width="0.001" count="2" />
        <bin index="50" start="0.05" width="0.001" count="1" />
        <bin index="51" start="0.051" width="0.001" count="1" />
        <bin index="52" start="0.052" width="0.001" count="1" />
        <bin index="54" start="0.054" width="0.001" count="1" />
        <bin index="55" start="0.055" width="0.001" count="1" />
        <bin index="61" start="0.061" width="0.001" count="1" />
        <bin index="63" start="0.063" width="0.001" count="2" />
        <bin index="64" start="0.064" width="0.001" count="1" />
        <bin index="66" start="0.066" width="0.001" count="1" />
        <bin index="69" start="0.069" width="0.001" count="1" />
        <bin index="71" start="0.071" width="0.001" count="1" />
        <bin index="72" start="0.072" width="0.001" count="1" />
        <bin index="76" start="0.076" width="0.001" count="1" />
        <bin index="80" start="0.08" width="0.001" count="1" />
        <bin index="86" start="0.086" width="0.001" count="1" />
        <bin index="89" start="0.089" width="0.001" count="1" />
        <bin index="91" start="0.091" width="0.001" count="1" />
        <bin index="95" start="0.095" width="0.001" count="2" />
        <bin index="96" start="0.096" width="0.001" count="1" />
        <bin index="100" start="0.1" width="0.001" count="1" />
        <bin index="104" start="0.104" width="0.001" count="1" />
        <bin index="112" start="0.112" width="0.001" count="1" />
        <bin index="116" start="0.116" width="0.001" count="1" />
        <bin index="162" start="0.162" width="0.001" count="2" />
        <bin index="163" start="0.163" width="0.001" count="1" />
        <bin index="164" start="0.164" width="0.001" count="1" />
      </delayHistogram>
      <jitterHistogram nBins="47" >
        <bin index="0" start="0" width="0.001" count="320" />
        <bin index="1" start="0.001" width="0.001" count="13" />
        <bin index="2" start="0.002" width="0.001" count="5" />
        <bin index="3" start="0.003" width="0.001" count="5" />
        <bin index="4" start="0.004" width="0.001" count="4" />
        <bin index="5" start="0.005" width="0.001" count="3" />
        <bin index="8" start="0.008" width="0.001" count="2" />
        <bin index="12" start="0.012" width="0.001" count="1" />
        <bin index="21" start="0.021" width="0.001" count="1" />
        <bin index="46" start="0.046" width="0.001" count="1" />
      </jitterHistogram>
      <packetSizeHistogram nBins="14" >
        <bin index="3" start="60" width="20" count="93" />
        <bin index="4" start="80" width="20" count="71" />
        <bin index="5" start="100" width="20" count="63" />
        <bin index="6" start="120" width="20" count="30" />
        <bin index="7" start="140" width="20" count="20" />
        <bin index="8" start="160" width="20" count="10" />
        <bin index="9" start="180" width="20" count="8" />
        <bin index="10" start="200" width="20" count="5" />
        <bin index="11" start="220" width="20" count="9" />
        <bin index="12" start="240" width="20" count="9" />
        <bin index="13" start="260" width="20" count="38" />
      </packetSizeHistogram>
      <flowInterruptionsHistogram nBins="0" >
      </flowInterruptionsHistogram>
    </Flow>
    <Flow flowId="7" timeFirstTxPacket="+81920ns" timeFirstRxPacket="+7.7158e+07ns" timeLastTxPacket="+3.99999e+09ns" timeLastRxPacket="+3.99961e+09ns" delaySum="+2.30997e+12ns" jitterSum="+1.51329e+09ns" lastDelay="+1.63787e+08ns" txBytes="26367120" rxBytes="25077060" txPackets="48828" rxPackets="46439" lostPackets="0" timesForwarded="0">
      <delayHistogram nBins="166" >
        <bin index="45" start="0.045" width="0.001" count="41697" />
        <bin index="46" start="0.046" width="0.001" count="341" />
        <bin index="47" start="0.047" width="0.001" count="243" />
        <bin index="48" start="0.048" width="0.001" count="180" />
        <bin index="49" start="0.049" width="0.001" count="166" />
        <bin index="50" start="0.05" width="0.001" count="134" />
        <bin index="51" start="0.051" width="0.001" count="98" />
        <bin index="52" start="0.052" width="0.001" count="53" />
        <bin index="53" start="0.053" width="0.001" count="49" />
        <bin index="54" start="0.054" width="0.001" count="83" />
        <bin index="55" start="0.055" width="0.001" count="68" />
        <bin index="56" start="0.056" width="0.001" count="48" />
        <bin index="57" start="0.057" width="0.001" count="55" />
        <bin index="58" start="0.058" width="0.001" count="57" />
        <bin index="59" start="0.059" width="0.001" count="59" />
        <bin index="60" start="0.06" width="0.001" count="92" />
        <bin index="61" start="0.061" width="0.001" count="90" />
        <bin index="62" start="0.062" width="0.001" count="97" />
        <bin index="63" start="0.063" width="0.001" count="94" />
        <bin index="64" start="0.064" width="0.001" count="97" />
        <bin index="65" start="0.065" width="0.001" count="101" />
        <bin index="66" start="0.066" width="0.001" count="41" />
        <bin index="67" start="0.067" width="0.001" count="40" />
        <bin index="68" start="0.068" width="0.001" count="47" />
        <bin index="69" start="0.069" width="0.001" count="43" />
        <bin index="70" start="0.07" width="0.001" count="39" />
        <bin index="71" start="0.071" width="0.001" count="41" />
        <bin index="72" start="0.072" width="0.001" count="39" />
        <bin index="73" start="0.073" width="0.001" count="14" />
        <bin index="74" start="0.074" width="0.001" count="15" />
        <bin index="75" start="0.075" width="0.001" count="7" />
        <bin index="76" start="0.076" width="0.001" count="16" />
        <bin index="77" start="0.077" width="0.001" count="7" />
        <bin index="78" start="0.078" width="0.001" count="15" />
        <bin index="79" start="0.079" width="0.001" count="12" />
        <bin index="80" start="0.08" width="0.001" count="10" />
        <bin index="81" start="0.081" width="0.001" count="17" />
        <bin index="82" start="0.082" width="0.001" count="11" />
        <bin index="83" start="0.083" width="0.001" count="10" />
        <bin index="84" start="0.084" width="0.001" count="7" />
        <bin index="85" start="0.085" width="0.001" count="16" />
        <bin index="86" start="0.086" width="0.001" count="16" />
        <bin index="87" start="0.087" width="0.001" count="10" />
        <bin index="88" start="0.088" width="0.001" count="12" />
        <bin index="89" start="0.089" width="0.001" count="11" />
        <bin index="90" start="0.09" width="0.001" count="15" />
        <bin index="91" start="0.091" width="0.001" count="12" />
        <bin index="92" start="0.092" width="0.001" count="11" />
        <bin index="93" start="0.093" width="0.001" count="13" />
        <bin index="94" start="0.094" width="0.001" count="42" />
        <bin index="95" start="0.095" width="0.001" count="60" />
        <bin index="96" start="0.096" width="0.001" count="55" />
        <bin index="97" start="0.097" width="0.001" count="44" />
        <bin index="98" start="0.098" width="0.001" count="51" />
        <bin index="99" start="0.099" width="0.001" count="61" />
        <bin index="100" start="0.1" width="0.001" count="28" />
        <bin index="101" start="0.101" width="0.001" count="13" />
        <bin index="102" start="0.102" width="0.001" count="14" />
        <bin index="103" start="0.103" width="0.001" count="6" />
        <bin index="104" start="0.104" width="0.001" count="20" />
        <bin index="105" start="0.105" width="0.001" count="13" />
        <bin index="106" start="0.106" width="0.001" count="10" />
        <bin index="107" start="0.107" width="0.001" count="6" />
        <bin index="108" start="0.108" width="0.001" count="16" />
        <bin index="109" start="0.109" width="0.001" count="37" />
        <bin index="110" start="0.11" width="0.001" count="54" />
        <bin index="111" start="0.111" width="0.001" count="49" />
        <bin index="112" start="0.112" width="0.001" count="48" />
        <bin index="113" start="0.113" width="0.001" count="57" />
        <bin index="114" start="0.114" width="0.001" count="52" />
        <bin index="115" start="0.115" width="0.001" count="52" />
        <bin index="116" start="0.116" width="0.001" count="69" />
        <bin index="117" start="0.117" width="0.001" count="57" />
        <bin index="118" start="0.118" width="0.001" count="48" />
        <bin index="119" start="0.119" width="0.001" count="39" />
        <bin index="120" start="0.12" width="0.001" count="9" />
        <bin index="121" start="0.121" width="0.001" count="13" />
        <bin index="122" start="0.122" width="0.001" count="17" />
        <bin index="123" start="0.123" width="0.001" count="6" />
        <bin index="124" start="0.124" width="0.001" count="10" />
        <bin index="125" start="0.125" width="0.001" count="20" />
        <bin index="126" start="0.126" width="0.001" count="15" />
        <bin index="127" start="0.127" width="0.001" count="7" />
        <bin index="128" start="0.128" width="0.001" count="11" />
        <bin index="129" start="0.129" width="0.001" count="15" />
        <bin index="130" start="0.13" width="0.001" count="6" />
        <bin index="131" start="0.131" width="0.001" count="19" />
        <bin index="132" start="0.132" width="0.001" count="7" />
        <bin index="133" start="0.133" width="0.001" count="14" />
        <bin index="134" start="0.134" width="0.001" count="13" />
        <bin index="135" start="0.135" width="0.001" count="12" />
        <bin index="136" start="0.136" width="0.001" count="11" />
        <bin index="137" start="0.137" width="0.001" count="14" />
        <bin index="138" start="0.138" width="0.001" count="12" />
        <bin index="139" start="0.139" width="0.001" count="13" />
        <bin index="140" start="0.14" width="0.001" count="11" />
        <bin index="141" start="0.141" width="0.001" count="17" />
        <bin index="142" start="0.142" width="0.001" count="5" />
        <bin index="143" start="0.143" width="0.001" count="16" />
        <bin index="144" start="0.144" width="0.001" count="8" />
        <bin index="145" start="0.145" width="0.001" count="13" />
        <bin index="146" start="0.146" width="0.001" count="16" />
        <bin index="147" start="0.147" width="0.001" count="11" />
        <bin index="148" start="0.148" width="0.001" count="11" />
        <bin index="149" start="0.149" width="0.001" count="15" />
        <bin index="150" start="0.15" width="0.001" count="11" />
        <bin index="151" start="0.151" width="0.001" count="16" />
        <bin index="152" start="0.152" width="0.001" count="14" />
        <bin index="153" start="0.153" width="0.001" count="8" />
        <bin index="154" start="0.154" width="0.001" count="16" />
        <bin index="155" start="0.155" width="0.001" count="7" />
        <bin index="156" start="0.156" width="0.001" count="9" />
        <bin index="157" start="0.157" width="0.001" count="12" />
        <bin index="158" start="0.158" width="0.001" count="14" />
        <bin index="159" start="0.159" width="0.001" count="93" />
        <bin index="160" start="0.16" width="0.001" count="87" />
        <bin index="161" start="0.161" width="0.001" count="28" />
        <bin index="162" start="0.162" width="0.001" count="129" />
        <bin index="163" start="0.163" width="0.001" count="73" />
        <bin index="164" start="0.164" width="0.001" count="71" />
        <bin index="165" start="0.165" width="0.001" count="34" />
      </delayHistogram>
      <jitterHistogram nBins="1" >
        <bin index="0" start="0" width="0.001" count="46438" />
      </jitterHistogram>
      <packetSizeHistogram nBins="28" >
        <bin index="27" start="540" width="20" count="46439" />
      </packetSizeHistogram>
      <flowInterruptionsHistogram nBins="0" >
      </flowInterruptionsHistogram>
    </Flow>
    <Flow flowId="8" timeFirstTxPacket="+4e+06ns" timeFirstRxPacket="+3.04951e+09ns" timeLastTxPacket="+3.99636e+09ns" timeLastRxPacket="+3.99832e+09ns" delaySum="+4.22034e+09ns" jitterSum="+2.02821e+08ns" lastDelay="+1.62962e+08ns" txBytes="14319" rxBytes="11474" txPackets="75" rxPackets="61" lostPackets="0" timesForwarded="0">
      <delayHistogram nBins="165" >
        <bin index="45" start="0.045" width="0.001" count="30" />
        <bin index="46" start="0.046" width="0.001" count="1" />
        <bin index="47" start="0.047" width="0.001" count="2" />
        <bin index="48" start="0.048" width="0.001" count="1" />
        <bin index="49" start="0.049" width="0.001" count="1" />
        <bin index="51" start="0.051" width="0.001" count="1" />
        <bin index="53" start="0.053" width="0.001" count="1" />
        <bin index="56" start="0.056" width="0.001" count="1" />
        <bin index="60" start="0.06" width="0.001" count="1" />
        <bin index="61" start="0.061" width="0.001" count="1" />
        <bin index="62" start="0.062" width="0.001" count="1" />
        <bin index="63" start="0.063" width="0.001" count="1" />
        <bin index="64" start="0.064" width="0.001" count="1" />
        <bin index="69" start="0.069" width="0.001" count="1" />
        <bin index="70" start="0.07" width="0.001" count="1" />
        <bin index="85" start="0.085" width="0.001" count="1" />
        <bin index="95" start="0.095" width="0.001" count="2" />
        <bin index="106" start="0.106" width="0.001" count="1" />
        <bin index="111" start="0.111" width="0.001" count="1" />
        <bin index="113" start="0.113" width="0.001" count="1" />
        <bin index="115" start="0.115" width="0.001" count="1" />
        <bin index="116" start="0.116" width="0.001" count="1" />
        <bin index="118" start="0.118" width="0.001" count="1" />
        <bin index="124" start="0.124" width="0.001" count="1" />
        <bin index="132" start="0.132" width="0.001" count="1" />
        <bin index="143" start="0.143" width="0.001" count="1" />
        <bin index="160" start="0.16" width="0.001" count="1" />
        <bin index="161" start="0.161" width="0.001" count="1" />
        <bin index="162" start="0.162" width="0.001" count="1" />
        <bin index="164" start="0.164" width="0.001" count="1" />
      </delayHistogram>
      <jitterHistogram nBins="18" >
        <bin index="0" start="0" width="0.001" count="28" />
        <bin index="1" start="0.001" width="0.001" count="2" />
        <bin index="2" start="0.002" width="0.001" count="7" />
        <bin index="3" start="0.003" width="0.001" count="4" />
        <bin index="4" start="0.004" width="0.001" count="4" />
        <bin index="5" start="0.005" width="0.001" count="1" />
        <bin index="6" start="0.006" width="0.001" count="3" />
        <bin index="7" start="0.007" width="0.001" count="2" />
        <bin index="8" start="0.008" width="0.001" count="3" />
        <bin index="10" start="0.01" width="0.001" count="1" />
        <bin index="11" start="0.011" width="0.001" count="2" />
        <bin index="15" start="0.015" width="0.001" count="1" />
        <bin index="16" start="0.016" width="0.001" count="1" />
        <bin index="17" start="0.017" width="0.001" count="1" />
      </jitterHistogram>
      <packetSizeHistogram nBins="15" >
        <bin index="2" start="40" width="20" count="2" />
        <bin index="6" start="120" width="20" count="3" />
        <bin index="7" start="140" width="20" count="11" />
        <bin index="8" start="160" width="20" count="12" />
        <bin index="9" start="180" width="20" count="10" />
        <bin index="10" start="200" width="20" count="8" />
        <bin index="11" start="220" width="20" count="5" />
        <bin index="12" start="240" width="20" count="4" />
        <bin index="13" start="260" width="20" count="5" />
        <bin index="14" start="280" width="20" count="1" />
      </packetSizeHistogram>
      <flowInterruptionsHistogram nBins="0" >
      </flowInterruptionsHistogram>
    </Flow>
    <Flow flowId="9" timeFirstTxPacket="+3.04577e+09ns" timeFirstRxPacket="+3.09174e+09ns" timeLastTxPacket="+3.9905e+09ns" timeLastRxPacket="+3.99956e+09ns" delaySum="+4.08032e+10ns" jitterSum="+2.03501e+08ns" lastDelay="+4.5661e+07ns" txBytes="55436" rxBytes="46336" txPackets="1066" rxPackets="891" lostPackets="0" timesForwarded="0">
      <delayHistogram nBins="47" >
        <bin index="45" start="0.045" width="0.001" count="772" />
        <bin index="46" start="0.046" width="0.001" count="119" />
      </delayHistogram>
      <jitterHistogram nBins="1" >
        <bin index="0" start="0" width="0.001" count="890" />
      </jitterHistogram>
      <packetSizeHistogram nBins="3" >
        <bin index="2" start="40" width="20" count="891" />
      </packetSizeHistogram>
      <flowInterruptionsHistogram nBins="0" >
      </flowInterruptionsHistogram>
    </Flow>
    <Flow flowId="10" timeFirstTxPacket="+3.04577e+09ns" timeFirstRxPacket="+3.09173e+09ns" timeLastTxPacket="+3.95857e+09ns" timeLastRxPacket="+3.99992e+09ns" delaySum="+6.6462e+10ns" jitterSum="+2.40452e+08ns" lastDelay="+4.56731e+07ns" txBytes="84936" rxBytes="83076" txPackets="1483" rxPackets="1450" lostPackets="0" timesForwarded="0">
      <delayHistogram nBins="47" >
        <bin index="45" start="0.045" width="0.001" count="1157" />
        <bin index="46" start="0.046" width="0.001" count="293" />
      </delayHistogram>
      <jitterHistogram nBins="1" >
        <bin index="0" start="0" width="0.001" count="1449" />
      </jitterHistogram>
      <packetSizeHistogram nBins="4" >
        <bin index="2" start="40" width="20" count="491" />
        <bin index="3" start="60" width="20" count="959" />
      </packetSizeHistogram>
      <flowInterruptionsHistogram nBins="0" >
      </flowInterruptionsHistogram>
    </Flow>
    <Flow flowId="11" timeFirstTxPacket="+3.04592e+09ns" timeFirstRxPacket="+3.09162e+09ns" timeLastTxPacket="+3.85282e+09ns" timeLastRxPacket="+3.99994e+09ns" delaySum="+1.11779e+11ns" jitterSum="+1.62757e+08ns" lastDelay="+1.64071e+08ns" txBytes="1067045" rxBytes="783912" txPackets="1817" rxPackets="1335" lostPackets="0" timesForwarded="0">
      <delayHistogram nBins="165" >
        <bin index="45" start="0.045" width="0.001" count="84" />
        <bin index="46" start="0.046" width="0.001" count="80" />
        <bin index="47" start="0.047" width="0.001" count="56" />
        <bin index="48" start="0.048" width="0.001" count="34" />
        <bin index="49" start="0.049" width="0.001" count="28" />
        <bin index="50" start="0.05" width="0.001" count="27" />
        <bin index="51" start="0.051" width="0.001" count="3" />
        <bin index="54" start="0.054" width="0.001" count="16" />
        <bin index="55" start="0.055" width="0.001" count="28" />
        <bin index="56" start="0.056" width="0.001" count="25" />
        <bin index="57" start="0.057" width="0.001" count="31" />
        <bin index="58" start="0.058" width="0.001" count="27" />
        <bin index="59" start="0.059" width="0.001" count="32" />
        <bin index="60" start="0.06" width="0.001" count="25" />
        <bin index="61" start="0.061" width="0.001" count="27" />
        <bin index="62" start="0.062" width="0.001" count="32" />
        <bin index="63" start="0.063" width="0.001" count="23" />
        <bin index="64" start="0.064" width="0.001" count="29" />
        <bin index="65" start="0.065" width="0.001" count="25" />
        <bin index="94" start="0.094" width="0.001" count="22" />
        <bin index="95" start="0.095" width="0.001" count="31" />
        <bin index="96" start="0.096" width="0.001" count="27" />
        <bin index="97" start="0.097" width="0.001" count="26" />
        <bin index="98" start="0.098" width="0.001" count="28" />
        <bin index="99" start="0.099" width="0.001" count="32" />
        <bin index="100" start="0.1" width="0.001" count="27" />
        <bin index="101" start="0.101" width="0.001" count="29" />
        <bin index="102" start="0.102" width="0.001" count="29" />
        <bin index="103" start="0.103" width="0.001" count="23" />
        <bin index="104" start="0.104" width="0.001" count="34" />
        <bin index="105" start="0.105" width="0.001" count="28" />
        <bin index="106" start="0.106" width="0.001" count="28" />
        <bin index="107" start="0.107" width="0.001" count="23" />
        <bin index="108" start="0.108" width="0.001" count="31" />
        <bin index="109" start="0.109" width="0.001" count="30" />
        <bin index="110" start="0.11" width="0.001" count="30" />
        <bin index="111" start="0.111" width="0.001" count="26" />
        <bin index="112" start="0.112" width="0.001" count="27" />
        <bin index="113" start="0.113" width="0.001" count="31" />
        <bin index="114" start="0.114" width="0.001" count="30" />
        <bin index="115" start="0.115" width="0.001" count="25" />
        <bin index="116" start="0.116" width="0.001" count="23" />
        <bin index="161" start="0.161" width="0.001" count="4" />
        <bin index="162" start="0.162" width="0.001" count="29" />
        <bin index="163" start="0.163" width="0.001" count="28" />
        <bin index="164" start="0.164" width="0.001" count="2" />
      </delayHistogram>
      <jitterHistogram nBins="45" >
        <bin index="0" start="0" width="0.001" count="1329" />
        <bin index="1" start="0.001" width="0.001" count="1" />
        <bin index="2" start="0.002" width="0.001" count="1" />
        <bin index="3" start="0.003" width="0.001" count="1" />
        <bin index="28" start="0.028" width="0.001" count="1" />
        <bin index="44" start="0.044" width="0.001" count="1" />
      </jitterHistogram>
      <packetSizeHistogram nBins="30" >
        <bin index="2" start="40" width="20" count="2" />
        <bin index="29" start="580" width="20" count="1333" />
      </packetSizeHistogram>
      <flowInterruptionsHistogram nBins="0" >
      </flowInterruptionsHistogram>
    </Flow>
    <Flow flowId="12" timeFirstTxPacket="+3.04599e+09ns" timeFirstRxPacket="+3.09169e+09ns" timeLastTxPacket="+3.88612e+09ns" timeLastRxPacket="+3.83995e+09ns" delaySum="+3.02054e+10ns" jitterSum="+7.90041e+07ns" lastDelay="+1.19654e+08ns" txBytes="494635" rxBytes="244735" txPackets="844" rxPackets="419" lostPackets="0" timesForwarded="0">
      <delayHistogram nBins="120" >
        <bin index="45" start="0.045" width="0.001" count="4" />
        <bin index="46" start="0.046" width="0.001" count="37" />
        <bin index="47" start="0.047" width="0.001" count="21" />
        <bin index="48" start="0.048" width="0.001" count="27" />
        <bin index="49" start="0.049" width="0.001" count="25" />
        <bin index="50" start="0.05" width="0.001" count="19" />
        <bin index="51" start="0.051" width="0.001" count="26" />
        <bin index="52" start="0.052" width="0.001" count="1" />
        <bin index="64" start="0.064" width="0.001" count="4" />
        <bin index="65" start="0.065" width="0.001" count="19" />
        <bin index="66" start="0.066" width="0.001" count="19" />
        <bin index="67" start="0.067" width="0.001" count="19" />
        <bin index="68" start="0.068" width="0.001" count="19" />
        <bin index="69" start="0.069" width="0.001" count="18" />
        <bin index="70" start="0.07" width="0.001" count="19" />
        <bin index="71" start="0.071" width="0.001" count="18" />
        <bin index="72" start="0.072" width="0.001" count="19" />
        <bin index="73" start="0.073" width="0.001" count="13" />
        <bin index="116" start="0.116" width="0.001" count="20" />
        <bin index="117" start="0.117" width="0.001" count="26" />
        <bin index="118" start="0.118" width="0.001" count="27" />
        <bin index="119" start="0.119" width="0.001" count="19" />
      </delayHistogram>
      <jitterHistogram nBins="43" >
        <bin index="0" start="0" width="0.001" count="416" />
        <bin index="12" start="0.012" width="0.001" count="1" />
        <bin index="42" start="0.042" width="0.001" count="1" />
      </jitterHistogram>
      <packetSizeHistogram nBins="30" >
        <bin index="2" start="40" width="20" count="2" />
        <bin index="15" start="300" width="20" count="1" />
        <bin index="16" start="320" width="20" count="1" />
        <bin index="28" start="560" width="20" count="1" />
        <bin index="29" start="580" width="20" count="414" />
      </packetSizeHistogram>
      <flowInterruptionsHistogram nBins="0" >
      </flowInterruptionsHistogram>
    </Flow>
    <Flow flowId="13" timeFirstTxPacket="+3.04951e+09ns" timeFirstRxPacket="+3.09536e+09ns" timeLastTxPacket="+3.99832e+09ns" timeLastRxPacket="+3.96767e+09ns" delaySum="+1.32424e+09ns" jitterSum="+612284ns" lastDelay="+4.56628e+07ns" txBytes="1616" rxBytes="1512" txPackets="31" rxPackets="29" lostPackets="0" timesForwarded="0">
      <delayHistogram nBins="46" >
        <bin index="45" start="0.045" width="0.001" count="29" />
      </delayHistogram>
      <jitterHistogram nBins="1" >
        <bin index="0" start="0" width="0.001" count="28" />
      </jitterHistogram>
      <packetSizeHistogram nBins="3" >
        <bin index="2" start="40" width="20" count="29" />
      </packetSizeHistogram>
      <flowInterruptionsHistogram nBins="0" >
      </flowInterruptionsHistogram>
    </Flow>
  </FlowStats>
  <Ipv4FlowClassifier>
    <Flow flowId="7" sourceAddress="1.0.0.2" destinationAddress="7.0.0.2" protocol="17" sourcePort="49153" destinationPort="1235">
      <Dscp value="0x0" packets="48828" />
    </Flow>
    <Flow flowId="3" sourceAddress="1.0.0.4" destinationAddress="7.0.0.3" protocol="6" sourcePort="49153" destinationPort="1235">
      <Dscp value="0x0" packets="2798" />
    </Flow>
    <Flow flowId="4" sourceAddress="1.0.0.6" destinationAddress="7.0.0.4" protocol="6" sourcePort="49153" destinationPort="20">
      <Dscp value="0x0" packets="2634" />
    </Flow>
    <Flow flowId="11" sourceAddress="1.0.0.8" destinationAddress="7.0.0.5" protocol="6" sourcePort="80" destinationPort="49153">
      <Dscp value="0x0" packets="1817" />
    </Flow>
    <Flow flowId="5" sourceAddress="1.0.0.10" destinationAddress="7.0.0.6" protocol="17" sourcePort="49153" destinationPort="1235">
      <Dscp value="0x0" packets="139" />
    </Flow>
    <Flow flowId="8" sourceAddress="1.0.0.12" destinationAddress="7.0.0.7" protocol="6" sourcePort="49153" destinationPort="1235">
      <Dscp value="0x0" packets="75" />
    </Flow>
    <Flow flowId="6" sourceAddress="1.0.0.14" destinationAddress="7.0.0.8" protocol="17" sourcePort="49153" destinationPort="1235">
      <Dscp value="0x0" packets="380" />
    </Flow>
    <Flow flowId="12" sourceAddress="1.0.0.16" destinationAddress="7.0.0.9" protocol="6" sourcePort="1235" destinationPort="49153">
      <Dscp value="0x0" packets="844" />
    </Flow>
    <Flow flowId="9" sourceAddress="7.0.0.3" destinationAddress="1.0.0.4" protocol="6" sourcePort="1235" destinationPort="49153">
      <Dscp value="0x0" packets="1066" />
    </Flow>
    <Flow flowId="10" sourceAddress="7.0.0.4" destinationAddress="1.0.0.6" protocol="6" sourcePort="20" destinationPort="49153">
      <Dscp value="0x0" packets="1483" />
    </Flow>
    <Flow flowId="1" sourceAddress="7.0.0.5" destinationAddress="1.0.0.8" protocol="6" sourcePort="49153" destinationPort="80">
      <Dscp value="0x0" packets="670" />
    </Flow>
    <Flow flowId="13" sourceAddress="7.0.0.7" destinationAddress="1.0.0.12" protocol="6" sourcePort="1235" destinationPort="49153">
      <Dscp value="0x0" packets="31" />
    </Flow>
    <Flow flowId="2" sourceAddress="7.0.0.9" destinationAddress="1.0.0.16" protocol="6" sourcePort="49153" destinationPort="1235">
      <Dscp value="0x0" packets="214" />
    </Flow>
  </Ipv4FlowClassifier>
  <Ipv6FlowClassifier>
  </Ipv6FlowClassifier>
  <FlowProbes>
    <FlowProbe index="0">
      <FlowStats  flowId="7" packets="48828" bytes="26367120" delayFromFirstProbeSum="+0ns" >
      </FlowStats>
    </FlowProbe>
    <FlowProbe index="1">
    </FlowProbe>
    <FlowProbe index="2">
      <FlowStats  flowId="3" packets="2798" bytes="1623136" delayFromFirstProbeSum="+0ns" >
      </FlowStats>
      <FlowStats  flowId="9" packets="891" bytes="46336" delayFromFirstProbeSum="+4.08032e+10ns" >
      </FlowStats>
    </FlowProbe>
    <FlowProbe index="3">
    </FlowProbe>
    <FlowProbe index="4">
      <FlowStats  flowId="4" packets="2634" bytes="1546816" delayFromFirstProbeSum="+0ns" >
      </FlowStats>
      <FlowStats  flowId="10" packets="1450" bytes="83076" delayFromFirstProbeSum="+6.6462e+10ns" >
      </FlowStats>
    </FlowProbe>
    <FlowProbe index="5">
    </FlowProbe>
    <FlowProbe index="6">
      <FlowStats  flowId="1" packets="638" bytes="33530" delayFromFirstProbeSum="+2.91935e+10ns" >
      </FlowStats>
      <FlowStats  flowId="11" packets="1817" bytes="1067045" delayFromFirstProbeSum="+0ns" >
      </FlowStats>
    </FlowProbe>
    <FlowProbe index="7">
    </FlowProbe>
    <FlowProbe index="8">
      <FlowStats  flowId="5" packets="139" bytes="9377" delayFromFirstProbeSum="+0ns" >
      </FlowStats>
    </FlowProbe>
    <FlowProbe index="9">
    </FlowProbe>
    <FlowProbe index="10">
      <FlowStats  flowId="8" packets="75" bytes="14319" delayFromFirstProbeSum="+0ns" >
      </FlowStats>
      <FlowStats  flowId="13" packets="29" bytes="1512" delayFromFirstProbeSum="+1.32424e+09ns" >
      </FlowStats>
    </FlowProbe>
    <FlowProbe index="11">
    </FlowProbe>
    <FlowProbe index="12">
      <FlowStats  flowId="6" packets="380" bytes="48578" delayFromFirstProbeSum="+0ns" >
      </FlowStats>
    </FlowProbe>
    <FlowProbe index="13">
    </FlowProbe>
    <FlowProbe index="14">
      <FlowStats  flowId="2" packets="213" bytes="11192" delayFromFirstProbeSum="+9.75881e+09ns" >
      </FlowStats>
      <FlowStats  flowId="12" packets="844" bytes="494635" delayFromFirstProbeSum="+0ns" >
      </FlowStats>
    </FlowProbe>
    <FlowProbe index="15">
    </FlowProbe>
    <FlowProbe index="16">
      <FlowStats  flowId="7" packets="46439" bytes="25077060" delayFromFirstProbeSum="+2.30997e+12ns" >
      </FlowStats>
    </FlowProbe>
    <FlowProbe index="17">
    </FlowProbe>
    <FlowProbe index="18">
      <FlowStats  flowId="3" packets="2131" bytes="1247456" delayFromFirstProbeSum="+2.24985e+11ns" >
      </FlowStats>
      <FlowStats  flowId="9" packets="1066" bytes="55436" delayFromFirstProbeSum="+0ns" >
      </FlowStats>
    </FlowProbe>
    <FlowProbe index="19">
    </FlowProbe>
    <FlowProbe index="20">
      <FlowStats  flowId="4" packets="1973" bytes="1158680" delayFromFirstProbeSum="+1.81405e+11ns" >
      </FlowStats>
      <FlowStats  flowId="10" packets="1483" bytes="84936" delayFromFirstProbeSum="+0ns" >
      </FlowStats>
    </FlowProbe>
    <FlowProbe index="21">
    </FlowProbe>
    <FlowProbe index="22">
      <FlowStats  flowId="1" packets="670" bytes="35198" delayFromFirstProbeSum="+0ns" >
      </FlowStats>
      <FlowStats  flowId="11" packets="1335" bytes="783912" delayFromFirstProbeSum="+1.11779e+11ns" >
      </FlowStats>
    </FlowProbe>
    <FlowProbe index="23">
    </FlowProbe>
    <FlowProbe index="24">
      <FlowStats  flowId="5" packets="136" bytes="9223" delayFromFirstProbeSum="+6.85725e+09ns" >
      </FlowStats>
    </FlowProbe>
    <FlowProbe index="25">
    </FlowProbe>
    <FlowProbe index="26">
      <FlowStats  flowId="8" packets="61" bytes="11474" delayFromFirstProbeSum="+4.22034e+09ns" >
      </FlowStats>
      <FlowStats  flowId="13" packets="31" bytes="1616" delayFromFirstProbeSum="+0ns" >
      </FlowStats>
    </FlowProbe>
    <FlowProbe index="27">
    </FlowProbe>
    <FlowProbe index="28">
      <FlowStats  flowId="6" packets="356" bytes="45888" delayFromFirstProbeSum="+1.74467e+10ns" >
      </FlowStats>
    </FlowProbe>
    <FlowProbe index="29">
    </FlowProbe>
    <FlowProbe index="30">
      <FlowStats  flowId="2" packets="214" bytes="11248" delayFromFirstProbeSum="+0ns" >
      </FlowStats>
      <FlowStats  flowId="12" packets="419" bytes="244735" delayFromFirstProbeSum="+3.02054e+10ns" >
      </FlowStats>
    </FlowProbe>
    <FlowProbe index="31">
    </FlowProbe>
  </FlowProbes>
</FlowMonitor>
